
> baseball-stats-dashboard@0.1.0 test
> react-scripts test

node.exe : (node:24188) ExperimentalWarning: CommonJS module C:\Users\johnk\CascadePro
jects\FreelancePortfolio\baseball-stats-dashboard\frontend\node_modules\jest-util\buil
d\requireOrImportModule.js is loading ES Module C:\Users\johnk\CascadeProjects\Freelan
cePortfolio\baseball-stats-dashboard\frontend\node_modules\jest-watch-typeahead\filena
me.js using require().
At C:\Program Files\nodejs\npm.ps1:29 char:3
+   & $NODE_EXE $NPM_CLI_JS $args
+   ~~~~~~~~~~~~~~~~~~~~~~~~~~~~~
    + CategoryInfo          : NotSpecified: ((node:24188) Ex...sing require().:String 
   ) [], RemoteException
    + FullyQualifiedErrorId : NativeCommandError
 
Support for loading ES Module in require() is an experimental feature and might 
change at any time
(Use `node --trace-warnings ...` to show where the warning was created)
(node:16640) [DEP0040] DeprecationWarning: The `punycode` module is deprecated. 
Please use a userland alternative instead.
(Use `node --trace-deprecation ...` to show where the warning was created)
PASS src/components/PlayerViewDialog.test.tsx
  ΓùÅ Console

    console.error
      Warning: `ReactDOMTestUtils.act` is deprecated in favor of `React.act`. Import 
`act` from `react` instead of `react-dom/test-utils`. See 
https://react.dev/warnings/react-dom-test-utils for more info.

    [0m [90m 31 |[39m
     [90m 32 |[39m   test([32m'renders player information 
correctly'[39m[33m,[39m () [33m=>[39m {
    [31m[1m>[22m[39m[90m 33 |[39m     render(
     [90m    |[39m           [31m[1m^[22m[39m
     [90m 34 |[39m       [33m<[39m[33mPlayerViewDialog[39m 
     [90m 35 |[39m         open[33m=[39m{[36mtrue[39m} 
     [90m 36 |[39m         player[33m=[39m{mockPlayer} [0m

      at printWarning 
(node_modules/react-dom/cjs/react-dom-test-utils.development.js:71:30)
      at error (node_modules/react-dom/cjs/react-dom-test-utils.development.js:45:7)
      at actWithWarning 
(node_modules/react-dom/cjs/react-dom-test-utils.development.js:1736:7)
      at node_modules/@testing-library/react/dist/act-compat.js:63:25
      at renderRoot (node_modules/@testing-library/react/dist/pure.js:159:26)
      at render (node_modules/@testing-library/react/dist/pure.js:246:10)
      at Object.<anonymous> (src/components/PlayerViewDialog.test.tsx:33:11)

    console.error
      Warning: validateDOMNesting(...): <h6> cannot appear as a child of <h2>.
          at h6
          at C:\Users\johnk\CascadeProjects\FreelancePortfolio\baseball-stats-dashboar
d\frontend\node_modules\@emotion\react\dist\emotion-element-a1829a1e.cjs.js:58:23
          at Typography (C:\Users\johnk\CascadeProjects\FreelancePortfolio\baseball-st
ats-dashboard\frontend\node_modules\@mui\material\node\Typography\Typography.js:92:64)
          at h2
          at C:\Users\johnk\CascadeProjects\FreelancePortfolio\baseball-stats-dashboar
d\frontend\node_modules\@emotion\react\dist\emotion-element-a1829a1e.cjs.js:58:23
          at Typography (C:\Users\johnk\CascadeProjects\FreelancePortfolio\baseball-st
ats-dashboard\frontend\node_modules\@mui\material\node\Typography\Typography.js:92:64)
          at C:\Users\johnk\CascadeProjects\FreelancePortfolio\baseball-stats-dashboar
d\frontend\node_modules\@emotion\react\dist\emotion-element-a1829a1e.cjs.js:58:23
          at DialogTitle (C:\Users\johnk\CascadeProjects\FreelancePortfolio\baseball-s
tats-dashboard\frontend\node_modules\@mui\material\node\DialogTitle\DialogTitle.js:42:
59)
          at div
          at C:\Users\johnk\CascadeProjects\FreelancePortfolio\baseball-stats-dashboar
d\frontend\node_modules\@emotion\react\dist\emotion-element-a1829a1e.cjs.js:58:23
          at Paper (C:\Users\johnk\CascadeProjects\FreelancePortfolio\baseball-stats-d
ashboard\frontend\node_modules\@mui\material\node\Paper\Paper.js:70:59)
          at C:\Users\johnk\CascadeProjects\FreelancePortfolio\baseball-stats-dashboar
d\frontend\node_modules\@emotion\react\dist\emotion-element-a1829a1e.cjs.js:58:23
          at div
          at C:\Users\johnk\CascadeProjects\FreelancePortfolio\baseball-stats-dashboar
d\frontend\node_modules\@emotion\react\dist\emotion-element-a1829a1e.cjs.js:58:23
          at Transition (C:\Users\johnk\CascadeProjects\FreelancePortfolio\baseball-st
ats-dashboard\frontend\node_modules\react-transition-group\cjs\Transition.js:135:30)
          at Fade (C:\Users\johnk\CascadeProjects\FreelancePortfolio\baseball-stats-da
shboard\frontend\node_modules\@mui\material\node\Fade\Fade.js:37:39)
          at FocusTrap (C:\Users\johnk\CascadeProjects\FreelancePortfolio\baseball-sta
ts-dashboard\frontend\node_modules\@mui\material\node\Unstable_TrapFocus\FocusTrap.js:
86:5)
          at div
          at C:\Users\johnk\CascadeProjects\FreelancePortfolio\baseball-stats-dashboar
d\frontend\node_modules\@emotion\react\dist\emotion-element-a1829a1e.cjs.js:58:23
          at Portal (C:\Users\johnk\CascadeProjects\FreelancePortfolio\baseball-stats-
dashboard\frontend\node_modules\@mui\material\node\Portal\Portal.js:34:5)
          at Modal (C:\Users\johnk\CascadeProjects\FreelancePortfolio\baseball-stats-d
ashboard\frontend\node_modules\@mui\material\node\Modal\Modal.js:88:59)
          at C:\Users\johnk\CascadeProjects\FreelancePortfolio\baseball-stats-dashboar
d\frontend\node_modules\@emotion\react\dist\emotion-element-a1829a1e.cjs.js:58:23
          at Dialog (C:\Users\johnk\CascadeProjects\FreelancePortfolio\baseball-stats-
dashboard\frontend\node_modules\@mui\material\node\Dialog\Dialog.js:161:59)
          at PlayerViewDialog (C:\Users\johnk\CascadeProjects\FreelancePortfolio\baseb
all-stats-dashboard\frontend\src\components\PlayerViewDialog.tsx:32:29)

    [0m [90m 31 |[39m
     [90m 32 |[39m   test([32m'renders player information 
correctly'[39m[33m,[39m () [33m=>[39m {
    [31m[1m>[22m[39m[90m 33 |[39m     render(
     [90m    |[39m           [31m[1m^[22m[39m
     [90m 34 |[39m       [33m<[39m[33mPlayerViewDialog[39m 
     [90m 35 |[39m         open[33m=[39m{[36mtrue[39m} 
     [90m 36 |[39m         player[33m=[39m{mockPlayer} [0m

      at printWarning (node_modules/react-dom/cjs/react-dom.development.js:86:30)
      at error (node_modules/react-dom/cjs/react-dom.development.js:60:7)
      at validateDOMNesting 
(node_modules/react-dom/cjs/react-dom.development.js:10847:7)
      at createInstance (node_modules/react-dom/cjs/react-dom.development.js:10930:5)
      at completeWork (node_modules/react-dom/cjs/react-dom.development.js:22226:28)
      at completeUnitOfWork 
(node_modules/react-dom/cjs/react-dom.development.js:26632:16)
      at performUnitOfWork 
(node_modules/react-dom/cjs/react-dom.development.js:26607:5)
      at workLoopSync (node_modules/react-dom/cjs/react-dom.development.js:26505:5)
      at renderRootSync (node_modules/react-dom/cjs/react-dom.development.js:26473:7)
      at performSyncWorkOnRoot 
(node_modules/react-dom/cjs/react-dom.development.js:26124:20)
      at flushSyncCallbacks 
(node_modules/react-dom/cjs/react-dom.development.js:12042:22)
      at commitRootImpl (node_modules/react-dom/cjs/react-dom.development.js:26998:3)
      at commitRoot (node_modules/react-dom/cjs/react-dom.development.js:26721:5)
      at finishConcurrentRender 
(node_modules/react-dom/cjs/react-dom.development.js:26020:9)
      at performConcurrentWorkOnRoot 
(node_modules/react-dom/cjs/react-dom.development.js:25848:7)
      at flushActQueue (node_modules/react/cjs/react.development.js:2667:24)
      at act (node_modules/react/cjs/react.development.js:2582:11)
      at actWithWarning 
(node_modules/react-dom/cjs/react-dom-test-utils.development.js:1740:10)
      at node_modules/@testing-library/react/dist/act-compat.js:63:25
      at renderRoot (node_modules/@testing-library/react/dist/pure.js:159:26)
      at render (node_modules/@testing-library/react/dist/pure.js:246:10)
      at Object.<anonymous> (src/components/PlayerViewDialog.test.tsx:33:11)

(node:16760) [DEP0040] DeprecationWarning: The `punycode` module is deprecated. 
Please use a userland alternative instead.
(Use `node --trace-deprecation ...` to show where the warning was created)
PASS src/components/PlayerEditDialog.test.tsx
  ΓùÅ Console

    console.error
      Warning: `ReactDOMTestUtils.act` is deprecated in favor of `React.act`. Import 
`act` from `react` instead of `react-dom/test-utils`. See 
https://react.dev/warnings/react-dom-test-utils for more info.

    [0m [90m  8 |[39m [36mfunction[39m render(ui[33m:[39m any[33m,[39m 
options[33m?[39m[33m:[39m 
[33mOmit[39m[33m<[39m[33mRenderOptions[39m[33m,[39m 
[32m'wrapper'[39m[33m>[39m) {
     [90m  9 |[39m   [90m// Cast the UI to the expected type to avoid TypeScript 
errors[39m
    [31m[1m>[22m[39m[90m 10 |[39m   [36mreturn[39m rtlRender(ui [36mas[39m 
[33mUI[39m[33m,[39m { [33m...[39moptions })[33m;[39m
     [90m    |[39m                   [31m[1m^[22m[39m
     [90m 11 |[39m }
     [90m 12 |[39m
     [90m 13 |[39m [90m// Re-export everything[39m[0m

      at printWarning 
(node_modules/react-dom/cjs/react-dom-test-utils.development.js:71:30)
      at error (node_modules/react-dom/cjs/react-dom-test-utils.development.js:45:7)
      at actWithWarning 
(node_modules/react-dom/cjs/react-dom-test-utils.development.js:1736:7)
      at node_modules/@testing-library/react/dist/act-compat.js:63:25
      at renderRoot (node_modules/@testing-library/react/dist/pure.js:159:26)
      at render (node_modules/@testing-library/react/dist/pure.js:246:10)
      at render (src/test-utils.tsx:10:19)
      at Object.<anonymous> (src/components/PlayerEditDialog.test.tsx:45:11)

(node:26132) [DEP0040] DeprecationWarning: The `punycode` module is deprecated. 
Please use a userland alternative instead.
(Use `node --trace-deprecation ...` to show where the warning was created)
PASS src/components/PlayerDashboard.test.tsx
  ΓùÅ Console

    console.error
      Warning: `ReactDOMTestUtils.act` is deprecated in favor of `React.act`. Import 
`act` from `react` instead of `react-dom/test-utils`. See 
https://react.dev/warnings/react-dom-test-utils for more info.

    [0m [90m  8 |[39m [36mfunction[39m render(ui[33m:[39m any[33m,[39m 
options[33m?[39m[33m:[39m 
[33mOmit[39m[33m<[39m[33mRenderOptions[39m[33m,[39m 
[32m'wrapper'[39m[33m>[39m) {
     [90m  9 |[39m   [90m// Cast the UI to the expected type to avoid TypeScript 
errors[39m
    [31m[1m>[22m[39m[90m 10 |[39m   [36mreturn[39m rtlRender(ui [36mas[39m 
[33mUI[39m[33m,[39m { [33m...[39moptions })[33m;[39m
     [90m    |[39m                   [31m[1m^[22m[39m
     [90m 11 |[39m }
     [90m 12 |[39m
     [90m 13 |[39m [90m// Re-export everything[39m[0m

      at printWarning 
(node_modules/react-dom/cjs/react-dom-test-utils.development.js:71:30)
      at error (node_modules/react-dom/cjs/react-dom-test-utils.development.js:45:7)
      at actWithWarning 
(node_modules/react-dom/cjs/react-dom-test-utils.development.js:1736:7)
      at node_modules/@testing-library/react/dist/act-compat.js:63:25
      at renderRoot (node_modules/@testing-library/react/dist/pure.js:159:26)
      at render (node_modules/@testing-library/react/dist/pure.js:246:10)
      at render (src/test-utils.tsx:10:19)
      at Object.<anonymous> (src/components/PlayerDashboard.test.tsx:117:11)

    console.error
      Warning: An update to PlayerDashboard inside a test was not wrapped in act(...).
      
      When testing, code that causes React state updates should be wrapped into 
act(...):
      
      act(() => {
        /* fire events that update state */
      });
      /* assert on the output */
      
      This ensures that you're testing the behavior the user would see in the 
browser. Learn more at https://reactjs.org/link/wrap-tests-with-act
          at PlayerDashboard (C:\Users\johnk\CascadeProjects\FreelancePortfolio\baseba
ll-stats-dashboard\frontend\src\components\PlayerDashboard.tsx:32:41)

    [0m [90m 53 |[39m     [36mtry[39m {
     [90m 54 |[39m       [36mconst[39m response [33m=[39m [36mawait[39m 
axios[33m.[39m[36mget[39m([32m`${API_URL}/players`[39m)[33m;[39m
    [31m[1m>[22m[39m[90m 55 |[39m       
setPlayers(response[33m.[39mdata)[33m;[39m
     [90m    |[39m       [31m[1m^[22m[39m
     [90m 56 |[39m       setFilteredPlayers(response[33m.[39mdata)[33m;[39m
     [90m 57 |[39m     } [36mcatch[39m (err) {
     [90m 58 |[39m       console[33m.[39merror([32m'Error fetching 
players:'[39m[33m,[39m err)[33m;[39m[0m

      at printWarning (node_modules/react-dom/cjs/react-dom.development.js:86:30)
      at error (node_modules/react-dom/cjs/react-dom.development.js:60:7)
      at warnIfUpdatesNotWrappedWithActDEV 
(node_modules/react-dom/cjs/react-dom.development.js:27628:9)
      at scheduleUpdateOnFiber 
(node_modules/react-dom/cjs/react-dom.development.js:25547:5)
      at setPlayers (node_modules/react-dom/cjs/react-dom.development.js:16708:7)
      at fetchPlayers (src/components/PlayerDashboard.tsx:55:7)

    console.error
      Warning: An update to PlayerDashboard inside a test was not wrapped in act(...).
      
      When testing, code that causes React state updates should be wrapped into 
act(...):
      
      act(() => {
        /* fire events that update state */
      });
      /* assert on the output */
      
      This ensures that you're testing the behavior the user would see in the 
browser. Learn more at https://reactjs.org/link/wrap-tests-with-act
          at PlayerDashboard (C:\Users\johnk\CascadeProjects\FreelancePortfolio\baseba
ll-stats-dashboard\frontend\src\components\PlayerDashboard.tsx:32:41)

    [0m [90m 54 |[39m       [36mconst[39m response [33m=[39m [36mawait[39m 
axios[33m.[39m[36mget[39m([32m`${API_URL}/players`[39m)[33m;[39m
     [90m 55 |[39m       setPlayers(response[33m.[39mdata)[33m;[39m
    [31m[1m>[22m[39m[90m 56 |[39m       
setFilteredPlayers(response[33m.[39mdata)[33m;[39m
     [90m    |[39m       [31m[1m^[22m[39m
     [90m 57 |[39m     } [36mcatch[39m (err) {
     [90m 58 |[39m       console[33m.[39merror([32m'Error fetching 
players:'[39m[33m,[39m err)[33m;[39m
     [90m 59 |[39m       setError([32m'Failed to load players. Please try again 
later.'[39m)[33m;[39m[0m

      at printWarning (node_modules/react-dom/cjs/react-dom.development.js:86:30)
      at error (node_modules/react-dom/cjs/react-dom.development.js:60:7)
      at warnIfUpdatesNotWrappedWithActDEV 
(node_modules/react-dom/cjs/react-dom.development.js:27628:9)
      at scheduleUpdateOnFiber 
(node_modules/react-dom/cjs/react-dom.development.js:25547:5)
      at setFilteredPlayers 
(node_modules/react-dom/cjs/react-dom.development.js:16708:7)
      at fetchPlayers (src/components/PlayerDashboard.tsx:56:7)

    console.error
      Warning: An update to PlayerDashboard inside a test was not wrapped in act(...).
      
      When testing, code that causes React state updates should be wrapped into 
act(...):
      
      act(() => {
        /* fire events that update state */
      });
      /* assert on the output */
      
      This ensures that you're testing the behavior the user would see in the 
browser. Learn more at https://reactjs.org/link/wrap-tests-with-act
          at PlayerDashboard (C:\Users\johnk\CascadeProjects\FreelancePortfolio\baseba
ll-stats-dashboard\frontend\src\components\PlayerDashboard.tsx:32:41)

    [0m [90m 59 |[39m       setError([32m'Failed to load players. Please try 
again later.'[39m)[33m;[39m
     [90m 60 |[39m     } [36mfinally[39m {
    [31m[1m>[22m[39m[90m 61 |[39m       setLoading([36mfalse[39m)[33m;[39m
     [90m    |[39m       [31m[1m^[22m[39m
     [90m 62 |[39m     }
     [90m 63 |[39m   }[33m;[39m
     [90m 64 |[39m[0m

      at printWarning (node_modules/react-dom/cjs/react-dom.development.js:86:30)
      at error (node_modules/react-dom/cjs/react-dom.development.js:60:7)
      at warnIfUpdatesNotWrappedWithActDEV 
(node_modules/react-dom/cjs/react-dom.development.js:27628:9)
      at scheduleUpdateOnFiber 
(node_modules/react-dom/cjs/react-dom.development.js:25547:5)
      at setLoading (node_modules/react-dom/cjs/react-dom.development.js:16708:7)
      at fetchPlayers (src/components/PlayerDashboard.tsx:61:7)

    console.error
      Warning: validateDOMNesting(...): <h5> cannot appear as a child of <h2>.
          at h5
          at C:\Users\johnk\CascadeProjects\FreelancePortfolio\baseball-stats-dashboar
d\frontend\node_modules\@emotion\react\dist\emotion-element-a1829a1e.cjs.js:58:23
          at Typography (C:\Users\johnk\CascadeProjects\FreelancePortfolio\baseball-st
ats-dashboard\frontend\node_modules\@mui\material\node\Typography\Typography.js:92:64)
          at h2
          at C:\Users\johnk\CascadeProjects\FreelancePortfolio\baseball-stats-dashboar
d\frontend\node_modules\@emotion\react\dist\emotion-element-a1829a1e.cjs.js:58:23
          at Typography (C:\Users\johnk\CascadeProjects\FreelancePortfolio\baseball-st
ats-dashboard\frontend\node_modules\@mui\material\node\Typography\Typography.js:92:64)
          at C:\Users\johnk\CascadeProjects\FreelancePortfolio\baseball-stats-dashboar
d\frontend\node_modules\@emotion\react\dist\emotion-element-a1829a1e.cjs.js:58:23
          at DialogTitle (C:\Users\johnk\CascadeProjects\FreelancePortfolio\baseball-s
tats-dashboard\frontend\node_modules\@mui\material\node\DialogTitle\DialogTitle.js:42:
59)
          at div
          at C:\Users\johnk\CascadeProjects\FreelancePortfolio\baseball-stats-dashboar
d\frontend\node_modules\@emotion\react\dist\emotion-element-a1829a1e.cjs.js:58:23
          at Paper (C:\Users\johnk\CascadeProjects\FreelancePortfolio\baseball-stats-d
ashboard\frontend\node_modules\@mui\material\node\Paper\Paper.js:70:59)
          at C:\Users\johnk\CascadeProjects\FreelancePortfolio\baseball-stats-dashboar
d\frontend\node_modules\@emotion\react\dist\emotion-element-a1829a1e.cjs.js:58:23
          at div
          at C:\Users\johnk\CascadeProjects\FreelancePortfolio\baseball-stats-dashboar
d\frontend\node_modules\@emotion\react\dist\emotion-element-a1829a1e.cjs.js:58:23
          at Transition (C:\Users\johnk\CascadeProjects\FreelancePortfolio\baseball-st
ats-dashboard\frontend\node_modules\react-transition-group\cjs\Transition.js:135:30)
          at Fade (C:\Users\johnk\CascadeProjects\FreelancePortfolio\baseball-stats-da
shboard\frontend\node_modules\@mui\material\node\Fade\Fade.js:37:39)
          at FocusTrap (C:\Users\johnk\CascadeProjects\FreelancePortfolio\baseball-sta
ts-dashboard\frontend\node_modules\@mui\material\node\Unstable_TrapFocus\FocusTrap.js:
86:5)
          at div
          at C:\Users\johnk\CascadeProjects\FreelancePortfolio\baseball-stats-dashboar
d\frontend\node_modules\@emotion\react\dist\emotion-element-a1829a1e.cjs.js:58:23
          at Portal (C:\Users\johnk\CascadeProjects\FreelancePortfolio\baseball-stats-
dashboard\frontend\node_modules\@mui\material\node\Portal\Portal.js:34:5)
          at Modal (C:\Users\johnk\CascadeProjects\FreelancePortfolio\baseball-stats-d
ashboard\frontend\node_modules\@mui\material\node\Modal\Modal.js:88:59)
          at C:\Users\johnk\CascadeProjects\FreelancePortfolio\baseball-stats-dashboar
d\frontend\node_modules\@emotion\react\dist\emotion-element-a1829a1e.cjs.js:58:23
          at Dialog (C:\Users\johnk\CascadeProjects\FreelancePortfolio\baseball-stats-
dashboard\frontend\node_modules\@mui\material\node\Dialog\Dialog.js:161:59)
          at MockPlayerViewDialog (C:\Users\johnk\CascadeProjects\FreelancePortfolio\b
aseball-stats-dashboard\frontend\src\components\PlayerDashboard.test.tsx:29:7)
          at div
          at C:\Users\johnk\CascadeProjects\FreelancePortfolio\baseball-stats-dashboar
d\frontend\node_modules\@emotion\react\dist\emotion-element-a1829a1e.cjs.js:58:23
          at Box (C:\Users\johnk\CascadeProjects\FreelancePortfolio\baseball-stats-das
hboard\frontend\node_modules\@mui\system\createBox.js:31:41)
          at PlayerDashboard (C:\Users\johnk\CascadeProjects\FreelancePortfolio\baseba
ll-stats-dashboard\frontend\src\components\PlayerDashboard.tsx:32:41)

      at printWarning (node_modules/react-dom/cjs/react-dom.development.js:86:30)
      at error (node_modules/react-dom/cjs/react-dom.development.js:60:7)
      at validateDOMNesting 
(node_modules/react-dom/cjs/react-dom.development.js:10847:7)
      at createInstance (node_modules/react-dom/cjs/react-dom.development.js:10930:5)
      at completeWork (node_modules/react-dom/cjs/react-dom.development.js:22226:28)
      at completeUnitOfWork 
(node_modules/react-dom/cjs/react-dom.development.js:26632:16)
      at performUnitOfWork 
(node_modules/react-dom/cjs/react-dom.development.js:26607:5)
      at workLoopSync (node_modules/react-dom/cjs/react-dom.development.js:26505:5)
      at renderRootSync (node_modules/react-dom/cjs/react-dom.development.js:26473:7)
      at performSyncWorkOnRoot 
(node_modules/react-dom/cjs/react-dom.development.js:26124:20)
      at flushSyncCallbacks 
(node_modules/react-dom/cjs/react-dom.development.js:12042:22)
      at commitRootImpl (node_modules/react-dom/cjs/react-dom.development.js:26998:3)
      at commitRoot (node_modules/react-dom/cjs/react-dom.development.js:26721:5)
      at finishConcurrentRender 
(node_modules/react-dom/cjs/react-dom.development.js:26020:9)
      at performConcurrentWorkOnRoot 
(node_modules/react-dom/cjs/react-dom.development.js:25848:7)
      at workLoop (node_modules/scheduler/cjs/scheduler.development.js:266:34)
      at flushWork (node_modules/scheduler/cjs/scheduler.development.js:239:14)
      at performWorkUntilDeadline 
(node_modules/scheduler/cjs/scheduler.development.js:533:21)
      at Timeout.task [as _onTimeout] 
(node_modules/jsdom/lib/jsdom/browser/Window.js:516:19)


Test Suites: 3 passed, 3 total
Tests:       16 passed, 16 total
Snapshots:   0 total
Time:        4.911 s
Ran all test suites.


