============================= test session starts =============================
platform win32 -- Python 3.12.0, pytest-7.4.3, pluggy-1.5.0 -- C:\Users\johnk\CascadeProjects\FreelancePortfolio\baseball-stats-dashboard\backend\venv\Scripts\python.exe
cachedir: .pytest_cache
rootdir: C:\Users\johnk\CascadeProjects\FreelancePortfolio\baseball-stats-dashboard\backend
plugins: anyio-3.7.1, asyncio-0.21.1, cov-4.1.0
asyncio: mode=Mode.STRICT
collecting ... collected 12 items

tests/test_ai_integration.py::test_generate_player_description PASSED    [  8%]
tests/test_ai_integration.py::test_generate_player_description_error_handling PASSED [ 16%]
tests/test_db.py::test_get_collection PASSED                             [ 25%]
tests/test_db.py::test_connect_to_mongo PASSED                           [ 33%]
tests/test_db.py::test_close_mongo_connection PASSED                     [ 41%]
tests/test_player_api.py::test_get_players PASSED                        [ 50%]
tests/test_player_api.py::test_get_player PASSED                         [ 58%]
tests/test_player_api.py::test_get_player_not_found PASSED               [ 66%]
tests/test_player_api.py::test_create_player PASSED                      [ 75%]
tests/test_player_api.py::test_update_player PASSED                      [ 83%]
tests/test_player_api.py::test_delete_player PASSED                      [ 91%]
tests/test_player_api.py::test_generate_description PASSED               [100%]

============================== warnings summary ===============================
venv\Lib\site-packages\pydantic\_internal\_config.py:323
venv\Lib\site-packages\pydantic\_internal\_config.py:323
venv\Lib\site-packages\pydantic\_internal\_config.py:323
venv\Lib\site-packages\pydantic\_internal\_config.py:323
  C:\Users\johnk\CascadeProjects\FreelancePortfolio\baseball-stats-dashboard\backend\venv\Lib\site-packages\pydantic\_internal\_config.py:323: PydanticDeprecatedSince20: Support for class-based `config` is deprecated, use ConfigDict instead. Deprecated in Pydantic V2.0 to be removed in V3.0. See Pydantic V2 Migration Guide at https://errors.pydantic.dev/2.11/migration/
    warnings.warn(DEPRECATION_MESSAGE, DeprecationWarning)

venv\Lib\site-packages\pydantic\_internal\_config.py:373
  C:\Users\johnk\CascadeProjects\FreelancePortfolio\baseball-stats-dashboard\backend\venv\Lib\site-packages\pydantic\_internal\_config.py:373: UserWarning: Valid config keys have changed in V2:
  * 'schema_extra' has been renamed to 'json_schema_extra'
    warnings.warn(message, UserWarning)

tests/test_ai_integration.py::test_generate_player_description
  C:\Users\johnk\CascadeProjects\FreelancePortfolio\baseball-stats-dashboard\backend\tests\test_ai_integration.py:48: RuntimeWarning: coroutine 'AsyncMockMixin._execute_mock_call' was never awaited
    description = await generate_player_description(player_dict)
  Enable tracemalloc to get traceback where the object was allocated.
  See https://docs.pytest.org/en/stable/how-to/capture-warnings.html#resource-warnings for more info.

tests/test_ai_integration.py::test_generate_player_description_error_handling
  C:\Users\johnk\CascadeProjects\FreelancePortfolio\baseball-stats-dashboard\backend\tests\test_ai_integration.py:83: RuntimeWarning: coroutine 'AsyncMockMixin._execute_mock_call' was never awaited
    description = await generate_player_description(player_dict)
  Enable tracemalloc to get traceback where the object was allocated.
  See https://docs.pytest.org/en/stable/how-to/capture-warnings.html#resource-warnings for more info.

tests/test_db.py::test_close_mongo_connection
  C:\Users\johnk\CascadeProjects\FreelancePortfolio\baseball-stats-dashboard\backend\app\db\mongodb.py:47: RuntimeWarning: coroutine 'AsyncMockMixin._execute_mock_call' was never awaited
    client.close()
  Enable tracemalloc to get traceback where the object was allocated.
  See https://docs.pytest.org/en/stable/how-to/capture-warnings.html#resource-warnings for more info.

-- Docs: https://docs.pytest.org/en/stable/how-to/capture-warnings.html
======================= 12 passed, 8 warnings in 0.16s ========================
